[batch_with_modified_solver_parameters6] nu_L=0.65 f=10.0 P_amb=20.0 -> R_E=73.01 p_A=23.12 energy_demand=1943 | status=OK | reason=Optimization terminated successfully. | boundary_warning=none
[batch_with_modified_solver_parameters8] nu_L=0.65 f=10.0 P_amb=100.0 -> R_E=26.36 p_A=104.1 energy_demand=2341 | status=OK | reason=Optimization terminated successfully. | boundary_warning=p_A (104.1 bar) at/near upper bound (105 bar)
[batch_with_modified_solver_parameters16] nu_L=0.65 f=20.0 P_amb=50.0 -> R_E=28.33 p_A=55.04 energy_demand=2471 | status=OK | reason=Optimization terminated successfully. | boundary_warning=none
[batch_with_modified_solver_parameters22] nu_L=0.65 f=25.0 P_amb=5.0 -> R_E=108.4 p_A=10.3 energy_demand=1860 | status=OK | reason=Optimization terminated successfully. | boundary_warning=none
[batch_with_modified_solver_parameters28] nu_L=0.65 f=30.0 P_amb=2.0 -> R_E=190.1 p_A=17 energy_demand=2004 | status=OK | reason=Optimization terminated successfully. | boundary_warning=p_A (17 bar) at/near upper bound (17 bar)
[batch_with_modified_solver_parameters42] nu_L=0.65 f=50.0 P_amb=20.0 -> R_E=32.61 p_A=27.56 energy_demand=2659 | status=OK | reason=Optimization terminated successfully. | boundary_warning=none
[batch_with_modified_solver_parameters47] nu_L=0.65 f=100.0 P_amb=3.0 -> R_E=80.84 p_A=38.61 energy_demand=2415 | status=OK | reason=Optimization terminated successfully. | boundary_warning=none
[batch_with_modified_solver_parameters56] nu_L=0.65 f=200.0 P_amb=3.0 -> R_E=52.36 p_A=63.85 energy_demand=2983 | status=OK | reason=Optimization terminated successfully. | boundary_warning=none
[batch_with_modified_solver_parameters64] nu_L=1.0 f=10.0 P_amb=2.0 -> R_E=184 p_A=3.895 energy_demand=1616 | status=OK | reason=Optimization terminated successfully. | boundary_warning=none
[batch_with_modified_solver_parameters78] nu_L=1.0 f=20.0 P_amb=20.0 -> R_E=49.67 p_A=24.39 energy_demand=2043 | status=OK | reason=Optimization terminated successfully. | boundary_warning=none
[batch_with_modified_solver_parameters81] nu_L=1.0 f=25.0 P_amb=1.0 -> R_E=155.3 p_A=8.463 energy_demand=2116 | status=OK | reason=Optimization terminated successfully. | boundary_warning=none
[batch_with_modified_solver_parameters87] nu_L=1.0 f=25.0 P_amb=20.0 -> R_E=44.41 p_A=24.98 energy_demand=2136 | status=OK | reason=Optimization terminated successfully. | boundary_warning=none
[batch_with_modified_solver_parameters93] nu_L=1.0 f=30.0 P_amb=4.0 -> R_E=168.2 p_A=19 energy_demand=1802 | status=OK | reason=Optimization terminated successfully. | boundary_warning=p_A (19 bar) at/near upper bound (19 bar)
[batch_with_modified_solver_parameters105] nu_L=1.0 f=50.0 P_amb=20.0 -> R_E=32.6 p_A=27.66 energy_demand=2492 | status=OK | reason=Optimization terminated successfully. | boundary_warning=none
[batch_with_modified_solver_parameters111] nu_L=1.0 f=100.0 P_amb=4.0 -> R_E=74.64 p_A=38.7 energy_demand=2230 | status=OK | reason=Optimization terminated successfully. | boundary_warning=none
[batch_with_modified_solver_parameters122] nu_L=1.0 f=200.0 P_amb=10.0 -> R_E=34.92 p_A=54.14 energy_demand=2986 | status=OK | reason=Optimization terminated successfully. | boundary_warning=none
[batch_with_modified_solver_parameters130] nu_L=5.0 f=10.0 P_amb=5.0 -> R_E=225.4 p_A=9.17 energy_demand=1319 | status=OK | reason=Optimization terminated successfully. | boundary_warning=none
[batch_with_modified_solver_parameters135] nu_L=5.0 f=20.0 P_amb=1.0 -> R_E=158.7 p_A=6.501 energy_demand=1907 | status=OK | reason=Optimization terminated successfully. | boundary_warning=none
[batch_with_modified_solver_parameters145] nu_L=5.0 f=25.0 P_amb=2.0 -> R_E=196.2 p_A=14.5 energy_demand=1667 | status=OK | reason=Optimization terminated successfully. | boundary_warning=p_A (14.5 bar) at/near upper bound (14.5 bar)
[batch_with_modified_solver_parameters158] nu_L=5.0 f=30.0 P_amb=10.0 -> R_E=67.4 p_A=15.88 energy_demand=1759 | status=OK | reason=Optimization terminated successfully. | boundary_warning=none
[batch_with_modified_solver_parameters162] nu_L=5.0 f=50.0 P_amb=1.0 -> R_E=136 p_A=22.83 energy_demand=2075 | status=OK | reason=Optimization terminated successfully. | boundary_warning=none
[batch_with_modified_solver_parameters168] nu_L=5.0 f=50.0 P_amb=20.0 -> R_E=33.07 p_A=27.99 energy_demand=2236 | status=OK | reason=Optimization terminated successfully. | boundary_warning=none
[batch_with_modified_solver_parameters172] nu_L=5.0 f=100.0 P_amb=2.0 -> R_E=95.24 p_A=48.36 energy_demand=2138 | status=OK | reason=Optimization terminated successfully. | boundary_warning=none
[batch_with_modified_solver_parameters180] nu_L=5.0 f=200.0 P_amb=1.0 -> R_E=77.21 p_A=87.96 energy_demand=2952 | status=OK | reason=Optimization terminated successfully. | boundary_warning=none
[batch_with_modified_solver_parameters188] nu_L=5.0 f=200.0 P_amb=100.0 -> R_E=7.148 p_A=124.1 energy_demand=4639 | status=OK | reason=Optimization terminated successfully. | boundary_warning=none
[batch_with_modified_solver_parameters196] nu_L=10.0 f=10.0 P_amb=50.0 -> R_E=41.22 p_A=53.79 energy_demand=1780 | status=OK | reason=Optimization terminated successfully. | boundary_warning=none
[batch_with_modified_solver_parameters199] nu_L=10.0 f=20.0 P_amb=2.0 -> R_E=218.8 p_A=12 energy_demand=1618 | status=OK | reason=Optimization terminated successfully. | boundary_warning=p_A (12 bar) at/near upper bound (12 bar)
[batch_with_modified_solver_parameters213] nu_L=10.0 f=25.0 P_amb=20.0 -> R_E=46.09 p_A=25.38 energy_demand=1894 | status=OK | reason=Optimization terminated successfully. | boundary_warning=none
[batch_with_modified_solver_parameters221] nu_L=10.0 f=30.0 P_amb=10.0 -> R_E=67.99 p_A=16 energy_demand=1744 | status=OK | reason=Optimization terminated successfully. | boundary_warning=none
[batch_with_modified_solver_parameters226] nu_L=10.0 f=50.0 P_amb=2.0 -> R_E=137 p_A=27 energy_demand=1857 | status=OK | reason=Optimization terminated successfully. | boundary_warning=p_A (27 bar) at/near upper bound (27 bar)
[batch_with_modified_solver_parameters234] nu_L=10.0 f=100.0 P_amb=1.0 -> R_E=111.4 p_A=50.98 energy_demand=2409 | status=OK | reason=Optimization terminated successfully. | boundary_warning=p_A (50.98 bar) at/near upper bound (51 bar)
[batch_with_modified_solver_parameters249] nu_L=10.0 f=200.0 P_amb=20.0 -> R_E=19.51 p_A=44.9 energy_demand=3247 | status=OK | reason=Optimization terminated successfully. | boundary_warning=none
[batch_with_modified_solver_parameters253] nu_L=50.0 f=10.0 P_amb=2.0 -> R_E=313.6 p_A=7 energy_demand=1592 | status=OK | reason=Optimization terminated successfully. | boundary_warning=p_A (7 bar) at/near upper bound (7 bar)
[batch_with_modified_solver_parameters270] nu_L=50.0 f=25.0 P_amb=1.0 -> R_E=199.9 p_A=13.5 energy_demand=2361 | status=OK | reason=Optimization terminated successfully. | boundary_warning=p_A (13.5 bar) at/near upper bound (13.5 bar)
[batch_with_modified_solver_parameters277] nu_L=50.0 f=25.0 P_amb=50.0 -> R_E=30.13 p_A=57.42 energy_demand=2400 | status=OK | reason=Optimization terminated successfully. | boundary_warning=none
[batch_with_modified_solver_parameters284] nu_L=50.0 f=30.0 P_amb=10.0 -> R_E=74.53 p_A=17.07 energy_demand=1901 | status=OK | reason=Optimization terminated successfully. | boundary_warning=none
[batch_with_modified_solver_parameters290] nu_L=50.0 f=50.0 P_amb=3.0 -> R_E=127 p_A=28 energy_demand=2017 | status=OK | reason=Optimization terminated successfully. | boundary_warning=p_A (28 bar) at/near upper bound (28 bar)
[batch_with_modified_solver_parameters301] nu_L=50.0 f=100.0 P_amb=5.0 -> R_E=82.31 p_A=55 energy_demand=2340 | status=OK | reason=Optimization terminated successfully. | boundary_warning=p_A (55 bar) at/near upper bound (55 bar)
[batch_with_modified_solver_parameters311] nu_L=50.0 f=200.0 P_amb=10.0 -> R_E=41.21 p_A=78.95 energy_demand=3132 | status=OK | reason=Optimization terminated successfully. | boundary_warning=none
