[batch_with_modified_solver_parameters4] nu_L=0.65 f=10.0 P_amb=5.0 -> R_E=232.7 p_A=9.123 energy_demand=1636 | status=OK | reason=Optimization terminated successfully. | boundary_warning=none
[batch_with_modified_solver_parameters11] nu_L=0.65 f=20.0 P_amb=3.0 -> R_E=222.2 p_A=13 energy_demand=1806 | status=OK | reason=Optimization terminated successfully. | boundary_warning=p_A (13 bar) at/near upper bound (13 bar)
[batch_with_modified_solver_parameters26] nu_L=0.65 f=25.0 P_amb=100.0 -> R_E=17.22 p_A=106.6 energy_demand=2878 | status=OK | reason=Optimization terminated successfully. | boundary_warning=none
[batch_with_modified_solver_parameters32] nu_L=0.65 f=30.0 P_amb=10.0 -> R_E=67.2 p_A=15.58 energy_demand=2130 | status=OK | reason=Optimization terminated successfully. | boundary_warning=none
[batch_with_modified_solver_parameters36] nu_L=0.65 f=50.0 P_amb=1.0 -> R_E=130.7 p_A=19.57 energy_demand=2427 | status=OK | reason=Optimization terminated successfully. | boundary_warning=none
[batch_with_modified_solver_parameters44] nu_L=0.65 f=50.0 P_amb=100.0 -> R_E=12.74 p_A=109.9 energy_demand=3472 | status=OK | reason=Optimization terminated successfully. | boundary_warning=none
[batch_with_modified_solver_parameters52] nu_L=0.65 f=100.0 P_amb=50.0 -> R_E=13.98 p_A=63.07 energy_demand=3766 | status=OK | reason=Optimization terminated successfully. | boundary_warning=none
[batch_with_modified_solver_parameters57] nu_L=0.65 f=200.0 P_amb=4.0 -> R_E=47.61 p_A=60.24 energy_demand=2907 | status=OK | reason=Optimization terminated successfully. | boundary_warning=none
[batch_with_modified_solver_parameters66] nu_L=1.0 f=10.0 P_amb=4.0 -> R_E=231.4 p_A=7.636 energy_demand=1467 | status=OK | reason=Optimization terminated successfully. | boundary_warning=none
[batch_with_modified_solver_parameters75] nu_L=1.0 f=20.0 P_amb=4.0 -> R_E=126.9 p_A=8.33 energy_demand=1653 | status=OK | reason=Optimization terminated successfully. | boundary_warning=none
[batch_with_modified_solver_parameters83] nu_L=1.0 f=25.0 P_amb=3.0 -> R_E=193.7 p_A=15.5 energy_demand=1738 | status=OK | reason=Optimization terminated successfully. | boundary_warning=p_A (15.5 bar) at/near upper bound (15.5 bar)
[batch_with_modified_solver_parameters97] nu_L=1.0 f=30.0 P_amb=50.0 -> R_E=23.36 p_A=56.36 energy_demand=2548 | status=OK | reason=Optimization terminated successfully. | boundary_warning=none
[batch_with_modified_solver_parameters102] nu_L=1.0 f=50.0 P_amb=4.0 -> R_E=123.7 p_A=26.97 energy_demand=1944 | status=OK | reason=Optimization terminated successfully. | boundary_warning=none
[batch_with_modified_solver_parameters108] nu_L=1.0 f=100.0 P_amb=1.0 -> R_E=100.5 p_A=41.51 energy_demand=2612 | status=OK | reason=Optimization terminated successfully. | boundary_warning=none
[batch_with_modified_solver_parameters116] nu_L=1.0 f=100.0 P_amb=100.0 -> R_E=9.461 p_A=115.1 energy_demand=4041 | status=OK | reason=Optimization terminated successfully. | boundary_warning=none
[batch_with_modified_solver_parameters124] nu_L=1.0 f=200.0 P_amb=50.0 -> R_E=10.51 p_A=71.04 energy_demand=4397 | status=OK | reason=Optimization terminated successfully. | boundary_warning=none
[batch_with_modified_solver_parameters131] nu_L=5.0 f=10.0 P_amb=10.0 -> R_E=125.9 p_A=13.33 energy_demand=1469 | status=OK | reason=Optimization terminated successfully. | boundary_warning=none
[batch_with_modified_solver_parameters139] nu_L=5.0 f=20.0 P_amb=5.0 -> R_E=123.6 p_A=9.891 energy_demand=1466 | status=OK | reason=Optimization terminated successfully. | boundary_warning=none
[batch_with_modified_solver_parameters146] nu_L=5.0 f=25.0 P_amb=3.0 -> R_E=186.8 p_A=15.5 energy_demand=1554 | status=OK | reason=Optimization terminated successfully. | boundary_warning=p_A (15.5 bar) at/near upper bound (15.5 bar)
[batch_with_modified_solver_parameters159] nu_L=5.0 f=30.0 P_amb=20.0 -> R_E=41.29 p_A=25.8 energy_demand=1984 | status=OK | reason=Optimization terminated successfully. | boundary_warning=none
[batch_with_modified_solver_parameters163] nu_L=5.0 f=50.0 P_amb=2.0 -> R_E=138.3 p_A=26.99 energy_demand=1845 | status=OK | reason=Optimization terminated successfully. | boundary_warning=p_A (26.99 bar) at/near upper bound (27 bar)
[batch_with_modified_solver_parameters178] nu_L=5.0 f=100.0 P_amb=50.0 -> R_E=14.02 p_A=63.76 energy_demand=3233 | status=OK | reason=Optimization terminated successfully. | boundary_warning=none
[batch_with_modified_solver_parameters183] nu_L=5.0 f=200.0 P_amb=4.0 -> R_E=49.59 p_A=70.41 energy_demand=2465 | status=OK | reason=Optimization terminated successfully. | boundary_warning=none
[batch_with_modified_solver_parameters193] nu_L=10.0 f=10.0 P_amb=5.0 -> R_E=226 p_A=9.226 energy_demand=1296 | status=OK | reason=Optimization terminated successfully. | boundary_warning=none
[batch_with_modified_solver_parameters203] nu_L=10.0 f=20.0 P_amb=10.0 -> R_E=81.54 p_A=14.53 energy_demand=1620 | status=OK | reason=Optimization terminated successfully. | boundary_warning=none
[batch_with_modified_solver_parameters209] nu_L=10.0 f=25.0 P_amb=3.0 -> R_E=185.4 p_A=15.5 energy_demand=1547 | status=OK | reason=Optimization terminated successfully. | boundary_warning=p_A (15.5 bar) at/near upper bound (15.5 bar)
[batch_with_modified_solver_parameters223] nu_L=10.0 f=30.0 P_amb=50.0 -> R_E=24.07 p_A=56.81 energy_demand=2284 | status=OK | reason=Optimization terminated successfully. | boundary_warning=none
[batch_with_modified_solver_parameters228] nu_L=10.0 f=50.0 P_amb=4.0 -> R_E=123.8 p_A=29 energy_demand=1723 | status=OK | reason=Optimization terminated successfully. | boundary_warning=p_A (29 bar) at/near upper bound (29 bar)
[batch_with_modified_solver_parameters241] nu_L=10.0 f=100.0 P_amb=50.0 -> R_E=14.3 p_A=64.24 energy_demand=3234 | status=OK | reason=Optimization terminated successfully. | boundary_warning=none
[batch_with_modified_solver_parameters243] nu_L=10.0 f=200.0 P_amb=1.0 -> R_E=80.51 p_A=94.04 energy_demand=3004 | status=OK | reason=Optimization terminated successfully. | boundary_warning=none
[batch_with_modified_solver_parameters251] nu_L=10.0 f=200.0 P_amb=100.0 -> R_E=7.282 p_A=125 energy_demand=4659 | status=OK | reason=Optimization terminated successfully. | boundary_warning=none
[batch_with_modified_solver_parameters259] nu_L=50.0 f=10.0 P_amb=50.0 -> R_E=47.95 p_A=54.58 energy_demand=1918 | status=OK | reason=Optimization terminated successfully. | boundary_warning=p_A (54.58 bar) at/near upper bound (55 bar)
[batch_with_modified_solver_parameters265] nu_L=50.0 f=20.0 P_amb=5.0 -> R_E=132.8 p_A=10.73 energy_demand=1575 | status=OK | reason=Optimization terminated successfully. | boundary_warning=none
[batch_with_modified_solver_parameters269] nu_L=50.0 f=20.0 P_amb=100.0 -> R_E=22.41 p_A=107.6 energy_demand=2531 | status=OK | reason=Optimization terminated successfully. | boundary_warning=none
[batch_with_modified_solver_parameters275] nu_L=50.0 f=25.0 P_amb=10.0 -> R_E=83.97 p_A=16.44 energy_demand=1818 | status=OK | reason=Optimization terminated successfully. | boundary_warning=none
[batch_with_modified_solver_parameters280] nu_L=50.0 f=30.0 P_amb=2.0 -> R_E=173.4 p_A=17 energy_demand=1987 | status=OK | reason=Optimization terminated successfully. | boundary_warning=p_A (17 bar) at/near upper bound (17 bar)
[batch_with_modified_solver_parameters288] nu_L=50.0 f=50.0 P_amb=1.0 -> R_E=144.6 p_A=26 energy_demand=2622 | status=OK | reason=Optimization terminated successfully. | boundary_warning=p_A (26 bar) at/near upper bound (26 bar)
[batch_with_modified_solver_parameters296] nu_L=50.0 f=50.0 P_amb=100.0 -> R_E=14.83 p_A=112.9 energy_demand=3330 | status=OK | reason=Optimization terminated successfully. | boundary_warning=none
[batch_with_modified_solver_parameters304] nu_L=50.0 f=100.0 P_amb=50.0 -> R_E=16.31 p_A=67.55 energy_demand=3653 | status=OK | reason=Optimization terminated successfully. | boundary_warning=none
[batch_with_modified_solver_parameters305] nu_L=50.0 f=100.0 P_amb=100.0 -> R_E=11.04 p_A=119.9 energy_demand=4195 | status=OK | reason=Optimization terminated successfully. | boundary_warning=none
[batch_with_modified_solver_parameters312] nu_L=50.0 f=200.0 P_amb=20.0 -> R_E=21.78 p_A=51.47 energy_demand=3713 | status=OK | reason=Optimization terminated successfully. | boundary_warning=none
