[batch_with_modified_solver_parameters2] nu_L=0.65 f=10.0 P_amb=3.0 -> R_E=231.5 p_A=6.034 energy_demand=1587 | status=OK | reason=Optimization terminated successfully. | boundary_warning=none
[batch_with_modified_solver_parameters15] nu_L=0.65 f=20.0 P_amb=20.0 -> R_E=49.87 p_A=24.35 energy_demand=2186 | status=OK | reason=Optimization terminated successfully. | boundary_warning=none
[batch_with_modified_solver_parameters21] nu_L=0.65 f=25.0 P_amb=4.0 -> R_E=110.4 p_A=8.883 energy_demand=1857 | status=OK | reason=Optimization terminated successfully. | boundary_warning=none
[batch_with_modified_solver_parameters29] nu_L=0.65 f=30.0 P_amb=3.0 -> R_E=179.7 p_A=18 energy_demand=1910 | status=OK | reason=Optimization terminated successfully. | boundary_warning=p_A (18 bar) at/near upper bound (18 bar)
[batch_with_modified_solver_parameters43] nu_L=0.65 f=50.0 P_amb=50.0 -> R_E=18.75 p_A=58.52 energy_demand=3095 | status=OK | reason=Optimization terminated successfully. | boundary_warning=none
[batch_with_modified_solver_parameters48] nu_L=0.65 f=100.0 P_amb=4.0 -> R_E=74.1 p_A=37 energy_demand=2389 | status=OK | reason=Optimization terminated successfully. | boundary_warning=none
[batch_with_modified_solver_parameters59] nu_L=0.65 f=200.0 P_amb=10.0 -> R_E=34.85 p_A=52.4 energy_demand=3196 | status=OK | reason=Optimization terminated successfully. | boundary_warning=none
[batch_with_modified_solver_parameters65] nu_L=1.0 f=10.0 P_amb=3.0 -> R_E=224.8 p_A=5.976 energy_demand=1478 | status=OK | reason=Optimization terminated successfully. | boundary_warning=none
[batch_with_modified_solver_parameters73] nu_L=1.0 f=20.0 P_amb=2.0 -> R_E=229.6 p_A=12 energy_demand=1782 | status=OK | reason=Optimization terminated successfully. | boundary_warning=p_A (12 bar) at/near upper bound (12 bar)
[batch_with_modified_solver_parameters89] nu_L=1.0 f=25.0 P_amb=100.0 -> R_E=17.14 p_A=106.7 energy_demand=2704 | status=OK | reason=Optimization terminated successfully. | boundary_warning=none
[batch_with_modified_solver_parameters96] nu_L=1.0 f=30.0 P_amb=20.0 -> R_E=40.76 p_A=25.56 energy_demand=2220 | status=OK | reason=Optimization terminated successfully. | boundary_warning=none
[batch_with_modified_solver_parameters100] nu_L=1.0 f=50.0 P_amb=2.0 -> R_E=144.2 p_A=27 energy_demand=2037 | status=OK | reason=Optimization terminated successfully. | boundary_warning=p_A (27 bar) at/near upper bound (27 bar)
[batch_with_modified_solver_parameters114] nu_L=1.0 f=100.0 P_amb=20.0 -> R_E=24.32 p_A=32.25 energy_demand=2966 | status=OK | reason=Optimization terminated successfully. | boundary_warning=none
[batch_with_modified_solver_parameters118] nu_L=1.0 f=200.0 P_amb=2.0 -> R_E=60.18 p_A=71.95 energy_demand=2940 | status=OK | reason=Optimization terminated successfully. | boundary_warning=none
[batch_with_modified_solver_parameters125] nu_L=1.0 f=200.0 P_amb=100.0 -> R_E=7.087 p_A=123.1 energy_demand=5047 | status=OK | reason=Optimization terminated successfully. | boundary_warning=none
[batch_with_modified_solver_parameters133] nu_L=5.0 f=10.0 P_amb=50.0 -> R_E=40.28 p_A=53.68 energy_demand=1795 | status=OK | reason=Optimization terminated successfully. | boundary_warning=none
[batch_with_modified_solver_parameters138] nu_L=5.0 f=20.0 P_amb=4.0 -> R_E=122.2 p_A=8.305 energy_demand=1471 | status=OK | reason=Optimization terminated successfully. | boundary_warning=none
[batch_with_modified_solver_parameters147] nu_L=5.0 f=25.0 P_amb=4.0 -> R_E=178.8 p_A=16.5 energy_demand=1558 | status=OK | reason=Optimization terminated successfully. | boundary_warning=p_A (16.5 bar) at/near upper bound (16.5 bar)
[batch_with_modified_solver_parameters160] nu_L=5.0 f=30.0 P_amb=50.0 -> R_E=23.57 p_A=56.6 energy_demand=2293 | status=OK | reason=Optimization terminated successfully. | boundary_warning=none
[batch_with_modified_solver_parameters165] nu_L=5.0 f=50.0 P_amb=4.0 -> R_E=124.7 p_A=29 energy_demand=1730 | status=OK | reason=Optimization terminated successfully. | boundary_warning=p_A (29 bar) at/near upper bound (29 bar)
[batch_with_modified_solver_parameters176] nu_L=5.0 f=100.0 P_amb=10.0 -> R_E=37.15 p_A=24.67 energy_demand=2302 | status=OK | reason=Optimization terminated successfully. | boundary_warning=none
[batch_with_modified_solver_parameters187] nu_L=5.0 f=200.0 P_amb=50.0 -> R_E=10.62 p_A=72.05 energy_demand=4023 | status=OK | reason=Optimization terminated successfully. | boundary_warning=none
[batch_with_modified_solver_parameters195] nu_L=10.0 f=10.0 P_amb=20.0 -> R_E=75.68 p_A=23.37 energy_demand=1589 | status=OK | reason=Optimization terminated successfully. | boundary_warning=none
[batch_with_modified_solver_parameters200] nu_L=10.0 f=20.0 P_amb=3.0 -> R_E=208.7 p_A=13 energy_demand=1495 | status=OK | reason=Optimization terminated successfully. | boundary_warning=p_A (13 bar) at/near upper bound (13 bar)
[batch_with_modified_solver_parameters215] nu_L=10.0 f=25.0 P_amb=100.0 -> R_E=17.6 p_A=107.1 energy_demand=2432 | status=OK | reason=Optimization terminated successfully. | boundary_warning=none
[batch_with_modified_solver_parameters222] nu_L=10.0 f=30.0 P_amb=20.0 -> R_E=42.48 p_A=26.03 energy_demand=1972 | status=OK | reason=Optimization terminated successfully. | boundary_warning=none
[batch_with_modified_solver_parameters225] nu_L=10.0 f=50.0 P_amb=1.0 -> R_E=147.6 p_A=25.79 energy_demand=2106 | status=OK | reason=Optimization terminated successfully. | boundary_warning=p_A (25.79 bar) at/near upper bound (26 bar)
[batch_with_modified_solver_parameters232] nu_L=10.0 f=50.0 P_amb=50.0 -> R_E=19.17 p_A=59.22 energy_demand=2627 | status=OK | reason=Optimization terminated successfully. | boundary_warning=none
[batch_with_modified_solver_parameters237] nu_L=10.0 f=100.0 P_amb=4.0 -> R_E=79.76 p_A=46.38 energy_demand=2015 | status=OK | reason=Optimization terminated successfully. | boundary_warning=none
[batch_with_modified_solver_parameters248] nu_L=10.0 f=200.0 P_amb=10.0 -> R_E=36.15 p_A=61.36 energy_demand=2687 | status=OK | reason=Optimization terminated successfully. | boundary_warning=none
[batch_with_modified_solver_parameters257] nu_L=50.0 f=10.0 P_amb=10.0 -> R_E=149.8 p_A=14.17 energy_demand=1519 | status=OK | reason=Optimization terminated successfully. | boundary_warning=none
[batch_with_modified_solver_parameters263] nu_L=50.0 f=20.0 P_amb=3.0 -> R_E=205.3 p_A=13 energy_demand=1642 | status=OK | reason=Optimization terminated successfully. | boundary_warning=p_A (13 bar) at/near upper bound (13 bar)
[batch_with_modified_solver_parameters274] nu_L=50.0 f=25.0 P_amb=5.0 -> R_E=114 p_A=11.51 energy_demand=1680 | status=OK | reason=Optimization terminated successfully. | boundary_warning=none
[batch_with_modified_solver_parameters281] nu_L=50.0 f=30.0 P_amb=3.0 -> R_E=165.5 p_A=18 energy_demand=1789 | status=OK | reason=Optimization terminated successfully. | boundary_warning=p_A (18 bar) at/near upper bound (18 bar)
[batch_with_modified_solver_parameters292] nu_L=50.0 f=50.0 P_amb=5.0 -> R_E=117 p_A=30 energy_demand=1944 | status=OK | reason=Optimization terminated successfully. | boundary_warning=p_A (30 bar) at/near upper bound (30 bar)
[batch_with_modified_solver_parameters303] nu_L=50.0 f=100.0 P_amb=20.0 -> R_E=28.53 p_A=36.73 energy_demand=3001 | status=OK | reason=Optimization terminated successfully. | boundary_warning=none
[batch_with_modified_solver_parameters306] nu_L=50.0 f=200.0 P_amb=1.0 -> R_E=82.83 p_A=101 energy_demand=3850 | status=OK | reason=Optimization terminated successfully. | boundary_warning=p_A (101 bar) at/near upper bound (101 bar)
[batch_with_modified_solver_parameters314] nu_L=50.0 f=200.0 P_amb=100.0 -> R_E=8.317 p_A=131.3 energy_demand=5347 | status=OK | reason=Optimization terminated successfully. | boundary_warning=none
