[batch_with_modified_solver_parameters1] nu_L=0.65 f=10.0 P_amb=2.0 -> R_E=193.2 p_A=3.967 energy_demand=1725 | status=OK | reason=Optimization terminated successfully. | boundary_warning=none
[batch_with_modified_solver_parameters13] nu_L=0.65 f=20.0 P_amb=5.0 -> R_E=129.5 p_A=9.893 energy_demand=1790 | status=OK | reason=Optimization terminated successfully. | boundary_warning=none
[batch_with_modified_solver_parameters20] nu_L=0.65 f=25.0 P_amb=3.0 -> R_E=197.6 p_A=15.5 energy_demand=1861 | status=OK | reason=Optimization terminated successfully. | boundary_warning=p_A (15.5 bar) at/near upper bound (15.5 bar)
[batch_with_modified_solver_parameters35] nu_L=0.65 f=30.0 P_amb=100.0 -> R_E=15.88 p_A=107.4 energy_demand=3016 | status=OK | reason=Optimization terminated successfully. | boundary_warning=none
[batch_with_modified_solver_parameters41] nu_L=0.65 f=50.0 P_amb=10.0 -> R_E=50.05 p_A=17.51 energy_demand=2354 | status=OK | reason=Optimization terminated successfully. | boundary_warning=none
[batch_with_modified_solver_parameters45] nu_L=0.65 f=100.0 P_amb=1.0 -> R_E=100.2 p_A=40.01 energy_demand=2797 | status=OK | reason=Optimization terminated successfully. | boundary_warning=none
[batch_with_modified_solver_parameters53] nu_L=0.65 f=100.0 P_amb=100.0 -> R_E=9.504 p_A=114.9 energy_demand=4273 | status=OK | reason=Optimization terminated successfully. | boundary_warning=none
[batch_with_modified_solver_parameters61] nu_L=0.65 f=200.0 P_amb=50.0 -> R_E=10.55 p_A=70.77 energy_demand=4649 | status=OK | reason=Optimization terminated successfully. | boundary_warning=none
[batch_with_modified_solver_parameters69] nu_L=1.0 f=10.0 P_amb=20.0 -> R_E=72.68 p_A=23.14 energy_demand=1812 | status=OK | reason=Optimization terminated successfully. | boundary_warning=none
[batch_with_modified_solver_parameters74] nu_L=1.0 f=20.0 P_amb=3.0 -> R_E=217.9 p_A=13 energy_demand=1686 | status=OK | reason=Optimization terminated successfully. | boundary_warning=p_A (13 bar) at/near upper bound (13 bar)
[batch_with_modified_solver_parameters88] nu_L=1.0 f=25.0 P_amb=50.0 -> R_E=25.4 p_A=55.75 energy_demand=2438 | status=OK | reason=Optimization terminated successfully. | boundary_warning=none
[batch_with_modified_solver_parameters94] nu_L=1.0 f=30.0 P_amb=5.0 -> R_E=92.7 p_A=10.73 energy_demand=1796 | status=OK | reason=Optimization terminated successfully. | boundary_warning=none
[batch_with_modified_solver_parameters99] nu_L=1.0 f=50.0 P_amb=1.0 -> R_E=131.2 p_A=20.38 energy_demand=2274 | status=OK | reason=Optimization terminated successfully. | boundary_warning=none
[batch_with_modified_solver_parameters107] nu_L=1.0 f=50.0 P_amb=100.0 -> R_E=12.69 p_A=110 energy_demand=3273 | status=OK | reason=Optimization terminated successfully. | boundary_warning=none
[batch_with_modified_solver_parameters112] nu_L=1.0 f=100.0 P_amb=5.0 -> R_E=69.18 p_A=37.23 energy_demand=2254 | status=OK | reason=Optimization terminated successfully. | boundary_warning=none
[batch_with_modified_solver_parameters123] nu_L=1.0 f=200.0 P_amb=20.0 -> R_E=18.89 p_A=42.32 energy_demand=3581 | status=OK | reason=Optimization terminated successfully. | boundary_warning=none
[batch_with_modified_solver_parameters127] nu_L=5.0 f=10.0 P_amb=2.0 -> R_E=170.4 p_A=3.807 energy_demand=1455 | status=OK | reason=Optimization terminated successfully. | boundary_warning=none
[batch_with_modified_solver_parameters141] nu_L=5.0 f=20.0 P_amb=20.0 -> R_E=50.23 p_A=24.56 energy_demand=1821 | status=OK | reason=Optimization terminated successfully. | boundary_warning=none
[batch_with_modified_solver_parameters143] nu_L=5.0 f=20.0 P_amb=100.0 -> R_E=19.07 p_A=106.1 energy_demand=2302 | status=OK | reason=Optimization terminated successfully. | boundary_warning=none
[batch_with_modified_solver_parameters149] nu_L=5.0 f=25.0 P_amb=10.0 -> R_E=76.84 p_A=15.47 energy_demand=1703 | status=OK | reason=Optimization terminated successfully. | boundary_warning=none
[batch_with_modified_solver_parameters154] nu_L=5.0 f=30.0 P_amb=2.0 -> R_E=178.5 p_A=17 energy_demand=1708 | status=OK | reason=Optimization terminated successfully. | boundary_warning=p_A (17 bar) at/near upper bound (17 bar)
[batch_with_modified_solver_parameters167] nu_L=5.0 f=50.0 P_amb=10.0 -> R_E=55.96 p_A=19.22 energy_demand=1957 | status=OK | reason=Optimization terminated successfully. | boundary_warning=none
[batch_with_modified_solver_parameters174] nu_L=5.0 f=100.0 P_amb=4.0 -> R_E=77.03 p_A=43.26 energy_demand=2006 | status=OK | reason=Optimization terminated successfully. | boundary_warning=none
[batch_with_modified_solver_parameters181] nu_L=5.0 f=200.0 P_amb=2.0 -> R_E=62.86 p_A=80.98 energy_demand=2661 | status=OK | reason=Optimization terminated successfully. | boundary_warning=none
[batch_with_modified_solver_parameters189] nu_L=10.0 f=10.0 P_amb=1.0 -> R_E=125.2 p_A=2.085 energy_demand=1752 | status=OK | reason=Optimization terminated successfully. | boundary_warning=none
[batch_with_modified_solver_parameters197] nu_L=10.0 f=10.0 P_amb=100.0 -> R_E=27.08 p_A=104.4 energy_demand=1948 | status=OK | reason=Optimization terminated successfully. | boundary_warning=p_A (104.4 bar) at/near upper bound (105 bar)
[batch_with_modified_solver_parameters205] nu_L=10.0 f=20.0 P_amb=50.0 -> R_E=29.1 p_A=55.43 energy_demand=2065 | status=OK | reason=Optimization terminated successfully. | boundary_warning=none
[batch_with_modified_solver_parameters211] nu_L=10.0 f=25.0 P_amb=5.0 -> R_E=103.6 p_A=10.39 energy_demand=1524 | status=OK | reason=Optimization terminated successfully. | boundary_warning=none
[batch_with_modified_solver_parameters216] nu_L=10.0 f=30.0 P_amb=1.0 -> R_E=159.8 p_A=12.86 energy_demand=1988 | status=OK | reason=Optimization terminated successfully. | boundary_warning=none
[batch_with_modified_solver_parameters224] nu_L=10.0 f=30.0 P_amb=100.0 -> R_E=16.22 p_A=107.9 energy_demand=2557 | status=OK | reason=Optimization terminated successfully. | boundary_warning=none
[batch_with_modified_solver_parameters229] nu_L=10.0 f=50.0 P_amb=5.0 -> R_E=119 p_A=30 energy_demand=1759 | status=OK | reason=Optimization terminated successfully. | boundary_warning=p_A (30 bar) at/near upper bound (30 bar)
[batch_with_modified_solver_parameters240] nu_L=10.0 f=100.0 P_amb=20.0 -> R_E=25.57 p_A=33.66 energy_demand=2672 | status=OK | reason=Optimization terminated successfully. | boundary_warning=none
[batch_with_modified_solver_parameters244] nu_L=10.0 f=200.0 P_amb=2.0 -> R_E=65.3 p_A=86.45 energy_demand=2703 | status=OK | reason=Optimization terminated successfully. | boundary_warning=none
[batch_with_modified_solver_parameters252] nu_L=50.0 f=10.0 P_amb=1.0 -> R_E=143.1 p_A=2.39 energy_demand=2131 | status=OK | reason=Optimization terminated successfully. | boundary_warning=none
[batch_with_modified_solver_parameters260] nu_L=50.0 f=10.0 P_amb=100.0 -> R_E=29.78 p_A=105 energy_demand=2122 | status=OK | reason=Optimization terminated successfully. | boundary_warning=p_A (105 bar) at/near upper bound (105 bar)
[batch_with_modified_solver_parameters267] nu_L=50.0 f=20.0 P_amb=20.0 -> R_E=59.91 p_A=25.79 energy_demand=1957 | status=OK | reason=Optimization terminated successfully. | boundary_warning=none
[batch_with_modified_solver_parameters273] nu_L=50.0 f=25.0 P_amb=4.0 -> R_E=174.7 p_A=16.5 energy_demand=1673 | status=OK | reason=Optimization terminated successfully. | boundary_warning=p_A (16.5 bar) at/near upper bound (16.5 bar)
[batch_with_modified_solver_parameters282] nu_L=50.0 f=30.0 P_amb=4.0 -> R_E=158.7 p_A=19 energy_demand=1735 | status=OK | reason=Optimization terminated successfully. | boundary_warning=p_A (19 bar) at/near upper bound (19 bar)
[batch_with_modified_solver_parameters294] nu_L=50.0 f=50.0 P_amb=20.0 -> R_E=39.45 p_A=30.28 energy_demand=2463 | status=OK | reason=Optimization terminated successfully. | boundary_warning=none
[batch_with_modified_solver_parameters298] nu_L=50.0 f=100.0 P_amb=2.0 -> R_E=96.8 p_A=52 energy_demand=2652 | status=OK | reason=Optimization terminated successfully. | boundary_warning=p_A (52 bar) at/near upper bound (52 bar)
[batch_with_modified_solver_parameters309] nu_L=50.0 f=200.0 P_amb=4.0 -> R_E=60.96 p_A=101.6 energy_demand=3067 | status=OK | reason=Optimization terminated successfully. | boundary_warning=none
