[batch_with_modified_solver_parameters3] nu_L=0.65 f=10.0 P_amb=4.0 -> R_E=236.4 p_A=7.671 energy_demand=1583 | status=OK | reason=Optimization terminated successfully. | boundary_warning=none
[batch_with_modified_solver_parameters12] nu_L=0.65 f=20.0 P_amb=4.0 -> R_E=130.5 p_A=8.396 energy_demand=1774 | status=OK | reason=Optimization terminated successfully. | boundary_warning=none
[batch_with_modified_solver_parameters19] nu_L=0.65 f=25.0 P_amb=2.0 -> R_E=208.8 p_A=14.5 energy_demand=1954 | status=OK | reason=Optimization terminated successfully. | boundary_warning=p_A (14.5 bar) at/near upper bound (14.5 bar)
[batch_with_modified_solver_parameters33] nu_L=0.65 f=30.0 P_amb=20.0 -> R_E=40.88 p_A=25.5 energy_demand=2372 | status=OK | reason=Optimization terminated successfully. | boundary_warning=none
[batch_with_modified_solver_parameters37] nu_L=0.65 f=50.0 P_amb=2.0 -> R_E=147.5 p_A=26.99 energy_demand=2176 | status=OK | reason=Optimization terminated successfully. | boundary_warning=p_A (26.99 bar) at/near upper bound (27 bar)
[batch_with_modified_solver_parameters49] nu_L=0.65 f=100.0 P_amb=5.0 -> R_E=68.87 p_A=35.8 energy_demand=2417 | status=OK | reason=Optimization terminated successfully. | boundary_warning=none
[batch_with_modified_solver_parameters60] nu_L=0.65 f=200.0 P_amb=20.0 -> R_E=18.8 p_A=41.69 energy_demand=3806 | status=OK | reason=Optimization terminated successfully. | boundary_warning=none
[batch_with_modified_solver_parameters68] nu_L=1.0 f=10.0 P_amb=10.0 -> R_E=120.4 p_A=13.11 energy_demand=1667 | status=OK | reason=Optimization terminated successfully. | boundary_warning=none
[batch_with_modified_solver_parameters71] nu_L=1.0 f=10.0 P_amb=100.0 -> R_E=26.22 p_A=104.1 energy_demand=2192 | status=OK | reason=Optimization terminated successfully. | boundary_warning=p_A (104.1 bar) at/near upper bound (105 bar)
[batch_with_modified_solver_parameters79] nu_L=1.0 f=20.0 P_amb=50.0 -> R_E=28.19 p_A=55.08 energy_demand=2316 | status=OK | reason=Optimization terminated successfully. | boundary_warning=none
[batch_with_modified_solver_parameters85] nu_L=1.0 f=25.0 P_amb=5.0 -> R_E=106.2 p_A=10.27 energy_demand=1730 | status=OK | reason=Optimization terminated successfully. | boundary_warning=none
[batch_with_modified_solver_parameters92] nu_L=1.0 f=30.0 P_amb=3.0 -> R_E=176.1 p_A=18 energy_demand=1784 | status=OK | reason=Optimization terminated successfully. | boundary_warning=p_A (18 bar) at/near upper bound (18 bar)
[batch_with_modified_solver_parameters106] nu_L=1.0 f=50.0 P_amb=50.0 -> R_E=18.68 p_A=58.61 energy_demand=2911 | status=OK | reason=Optimization terminated successfully. | boundary_warning=none
[batch_with_modified_solver_parameters110] nu_L=1.0 f=100.0 P_amb=3.0 -> R_E=81.55 p_A=40.48 energy_demand=2256 | status=OK | reason=Optimization terminated successfully. | boundary_warning=none
[batch_with_modified_solver_parameters121] nu_L=1.0 f=200.0 P_amb=5.0 -> R_E=44.35 p_A=59.9 energy_demand=2701 | status=OK | reason=Optimization terminated successfully. | boundary_warning=none
[batch_with_modified_solver_parameters129] nu_L=5.0 f=10.0 P_amb=4.0 -> R_E=223.5 p_A=7.599 energy_demand=1286 | status=OK | reason=Optimization terminated successfully. | boundary_warning=none
[batch_with_modified_solver_parameters137] nu_L=5.0 f=20.0 P_amb=3.0 -> R_E=210.3 p_A=13 energy_demand=1505 | status=OK | reason=Optimization terminated successfully. | boundary_warning=p_A (13 bar) at/near upper bound (13 bar)
[batch_with_modified_solver_parameters152] nu_L=5.0 f=25.0 P_amb=100.0 -> R_E=17.25 p_A=106.9 energy_demand=2440 | status=OK | reason=Optimization terminated successfully. | boundary_warning=none
[batch_with_modified_solver_parameters156] nu_L=5.0 f=30.0 P_amb=4.0 -> R_E=162.5 p_A=19 energy_demand=1597 | status=OK | reason=Optimization terminated successfully. | boundary_warning=p_A (19 bar) at/near upper bound (19 bar)
[batch_with_modified_solver_parameters169] nu_L=5.0 f=50.0 P_amb=50.0 -> R_E=18.81 p_A=58.93 energy_demand=2632 | status=OK | reason=Optimization terminated successfully. | boundary_warning=none
[batch_with_modified_solver_parameters171] nu_L=5.0 f=100.0 P_amb=1.0 -> R_E=107.4 p_A=48.03 energy_demand=2371 | status=OK | reason=Optimization terminated successfully. | boundary_warning=none
[batch_with_modified_solver_parameters179] nu_L=5.0 f=100.0 P_amb=100.0 -> R_E=9.525 p_A=115.7 energy_demand=3693 | status=OK | reason=Optimization terminated successfully. | boundary_warning=none
[batch_with_modified_solver_parameters186] nu_L=5.0 f=200.0 P_amb=20.0 -> R_E=19.18 p_A=43.89 energy_demand=3244 | status=OK | reason=Optimization terminated successfully. | boundary_warning=none
[batch_with_modified_solver_parameters194] nu_L=10.0 f=10.0 P_amb=10.0 -> R_E=127.2 p_A=13.39 energy_demand=1448 | status=OK | reason=Optimization terminated successfully. | boundary_warning=none
[batch_with_modified_solver_parameters198] nu_L=10.0 f=20.0 P_amb=1.0 -> R_E=164.8 p_A=6.952 energy_demand=1930 | status=OK | reason=Optimization terminated successfully. | boundary_warning=none
[batch_with_modified_solver_parameters208] nu_L=10.0 f=25.0 P_amb=2.0 -> R_E=194.5 p_A=14.5 energy_demand=1670 | status=OK | reason=Optimization terminated successfully. | boundary_warning=p_A (14.5 bar) at/near upper bound (14.5 bar)
[batch_with_modified_solver_parameters219] nu_L=10.0 f=30.0 P_amb=4.0 -> R_E=161.3 p_A=19 energy_demand=1584 | status=OK | reason=Optimization terminated successfully. | boundary_warning=p_A (19 bar) at/near upper bound (19 bar)
[batch_with_modified_solver_parameters233] nu_L=10.0 f=50.0 P_amb=100.0 -> R_E=13 p_A=110.7 energy_demand=2970 | status=OK | reason=Optimization terminated successfully. | boundary_warning=none
[batch_with_modified_solver_parameters239] nu_L=10.0 f=100.0 P_amb=10.0 -> R_E=37.72 p_A=25.25 energy_demand=2302 | status=OK | reason=Optimization terminated successfully. | boundary_warning=none
[batch_with_modified_solver_parameters247] nu_L=10.0 f=200.0 P_amb=5.0 -> R_E=46.87 p_A=70.45 energy_demand=2475 | status=OK | reason=Optimization terminated successfully. | boundary_warning=none
[batch_with_modified_solver_parameters256] nu_L=50.0 f=10.0 P_amb=5.0 -> R_E=236 p_A=9.636 energy_demand=1345 | status=OK | reason=Optimization terminated successfully. | boundary_warning=none
[batch_with_modified_solver_parameters266] nu_L=50.0 f=20.0 P_amb=10.0 -> R_E=99.73 p_A=15.97 energy_demand=1731 | status=OK | reason=Optimization terminated successfully. | boundary_warning=none
[batch_with_modified_solver_parameters268] nu_L=50.0 f=20.0 P_amb=50.0 -> R_E=33.52 p_A=56.54 energy_demand=2263 | status=OK | reason=Optimization terminated successfully. | boundary_warning=none
[batch_with_modified_solver_parameters272] nu_L=50.0 f=25.0 P_amb=3.0 -> R_E=182.2 p_A=15.5 energy_demand=1720 | status=OK | reason=Optimization terminated successfully. | boundary_warning=p_A (15.5 bar) at/near upper bound (15.5 bar)
[batch_with_modified_solver_parameters285] nu_L=50.0 f=30.0 P_amb=20.0 -> R_E=49.33 p_A=27.37 energy_demand=2156 | status=OK | reason=Optimization terminated successfully. | boundary_warning=none
[batch_with_modified_solver_parameters289] nu_L=50.0 f=50.0 P_amb=2.0 -> R_E=134 p_A=27 energy_demand=2215 | status=OK | reason=Optimization terminated successfully. | boundary_warning=p_A (27 bar) at/near upper bound (27 bar)
[batch_with_modified_solver_parameters299] nu_L=50.0 f=100.0 P_amb=3.0 -> R_E=90.42 p_A=53 energy_demand=2452 | status=OK | reason=Optimization terminated successfully. | boundary_warning=p_A (53 bar) at/near upper bound (53 bar)
[batch_with_modified_solver_parameters310] nu_L=50.0 f=200.0 P_amb=5.0 -> R_E=55.32 p_A=95.07 energy_demand=3018 | status=OK | reason=Optimization terminated successfully. | boundary_warning=none
