[fine_mesh_batch5] nu_L=0.65 f=10.0 P_amb=10.0 -> R_E=121.6 p_A=13.11 energy_demand=1793 | status=OK | reason=Optimization terminated successfully. | boundary_warning=none
[fine_mesh_batch8] nu_L=0.65 f=10.0 P_amb=100.0 -> R_E=25.82 p_A=104 energy_demand=2341 | status=OK | reason=Optimization terminated successfully. | boundary_warning=p_A (104 bar) at/near upper bound (105 bar)
[fine_mesh_batch16] nu_L=0.65 f=20.0 P_amb=50.0 -> R_E=28.41 p_A=55.06 energy_demand=2471 | status=OK | reason=Optimization terminated successfully. | boundary_warning=none
[fine_mesh_batch22] nu_L=0.65 f=25.0 P_amb=5.0 -> R_E=108.4 p_A=10.31 energy_demand=1860 | status=OK | reason=Optimization terminated successfully. | boundary_warning=none
[fine_mesh_batch31] nu_L=0.65 f=30.0 P_amb=5.0 -> R_E=94.64 p_A=10.76 energy_demand=1927 | status=OK | reason=Optimization terminated successfully. | boundary_warning=none
[fine_mesh_batch41] nu_L=0.65 f=50.0 P_amb=10.0 -> R_E=50.23 p_A=17.54 energy_demand=2354 | status=OK | reason=Optimization terminated successfully. | boundary_warning=none
[fine_mesh_batch46] nu_L=0.65 f=100.0 P_amb=2.0 -> R_E=88.63 p_A=39.63 energy_demand=2527 | status=OK | reason=Optimization terminated successfully. | boundary_warning=none
[fine_mesh_batch55] nu_L=0.65 f=200.0 P_amb=2.0 -> R_E=59.32 p_A=68.49 energy_demand=3152 | status=OK | reason=Optimization terminated successfully. | boundary_warning=none
[fine_mesh_batch64] nu_L=1.0 f=10.0 P_amb=2.0 -> R_E=183.4 p_A=3.889 energy_demand=1616 | status=OK | reason=Optimization terminated successfully. | boundary_warning=none
[fine_mesh_batch78] nu_L=1.0 f=20.0 P_amb=20.0 -> R_E=49.42 p_A=24.36 energy_demand=2043 | status=OK | reason=Optimization terminated successfully. | boundary_warning=none
[fine_mesh_batch82] nu_L=1.0 f=25.0 P_amb=2.0 -> R_E=204.2 p_A=14.5 energy_demand=1835 | status=OK | reason=Optimization terminated successfully. | boundary_warning=p_A (14.5 bar) at/near upper bound (14.5 bar)
[fine_mesh_batch100] nu_L=1.0 f=50.0 P_amb=2.0 -> R_E=144.1 p_A=26.97 energy_demand=2037 | status=OK | reason=Optimization terminated successfully. | boundary_warning=p_A (26.97 bar) at/near upper bound (27 bar)
[fine_mesh_batch109] nu_L=1.0 f=100.0 P_amb=2.0 -> R_E=89.69 p_A=41.75 energy_demand=2362 | status=OK | reason=Optimization terminated successfully. | boundary_warning=none
[fine_mesh_batch117] nu_L=1.0 f=200.0 P_amb=1.0 -> R_E=73.05 p_A=77.59 energy_demand=3273 | status=OK | reason=Optimization terminated successfully. | boundary_warning=none
[fine_mesh_batch125] nu_L=1.0 f=200.0 P_amb=100.0 -> R_E=7.116 p_A=123.1 energy_demand=5047 | status=OK | reason=Optimization terminated successfully. | boundary_warning=none
[fine_mesh_batch133] nu_L=5.0 f=10.0 P_amb=50.0 -> R_E=40.29 p_A=53.67 energy_demand=1795 | status=OK | reason=Optimization terminated successfully. | boundary_warning=none
[fine_mesh_batch137] nu_L=5.0 f=20.0 P_amb=3.0 -> R_E=210.3 p_A=12.99 energy_demand=1505 | status=OK | reason=Optimization terminated successfully. | boundary_warning=p_A (12.99 bar) at/near upper bound (13 bar)
[fine_mesh_batch146] nu_L=5.0 f=25.0 P_amb=3.0 -> R_E=186.6 p_A=15.49 energy_demand=1554 | status=OK | reason=Optimization terminated successfully. | boundary_warning=p_A (15.49 bar) at/near upper bound (15.5 bar)
[fine_mesh_batch158] nu_L=5.0 f=30.0 P_amb=10.0 -> R_E=67.27 p_A=15.87 energy_demand=1759 | status=OK | reason=Optimization terminated successfully. | boundary_warning=none
[fine_mesh_batch166] nu_L=5.0 f=50.0 P_amb=5.0 -> R_E=116.6 p_A=28.66 energy_demand=1772 | status=OK | reason=Optimization terminated successfully. | boundary_warning=none
[fine_mesh_batch175] nu_L=5.0 f=100.0 P_amb=5.0 -> R_E=71.21 p_A=41.43 energy_demand=2020 | status=OK | reason=Optimization terminated successfully. | boundary_warning=none
[fine_mesh_batch186] nu_L=5.0 f=200.0 P_amb=20.0 -> R_E=19.27 p_A=44.05 energy_demand=3244 | status=OK | reason=Optimization terminated successfully. | boundary_warning=none
[fine_mesh_batch189] nu_L=10.0 f=10.0 P_amb=1.0 -> R_E=124.7 p_A=2.081 energy_demand=1752 | status=OK | reason=Optimization terminated successfully. | boundary_warning=none
[fine_mesh_batch197] nu_L=10.0 f=10.0 P_amb=100.0 -> R_E=26.95 p_A=104.3 energy_demand=1948 | status=OK | reason=Optimization terminated successfully. | boundary_warning=p_A (104.3 bar) at/near upper bound (105 bar)
[fine_mesh_batch203] nu_L=10.0 f=20.0 P_amb=10.0 -> R_E=81.66 p_A=14.54 energy_demand=1620 | status=OK | reason=Optimization terminated successfully. | boundary_warning=none
[fine_mesh_batch211] nu_L=10.0 f=25.0 P_amb=5.0 -> R_E=103.2 p_A=10.37 energy_demand=1524 | status=OK | reason=Optimization terminated successfully. | boundary_warning=none
[fine_mesh_batch217] nu_L=10.0 f=30.0 P_amb=2.0 -> R_E=177 p_A=16.99 energy_demand=1714 | status=OK | reason=Optimization terminated successfully. | boundary_warning=p_A (16.99 bar) at/near upper bound (17 bar)
[fine_mesh_batch225] nu_L=10.0 f=50.0 P_amb=1.0 -> R_E=146.9 p_A=25.62 energy_demand=2106 | status=OK | reason=Optimization terminated successfully. | boundary_warning=p_A (25.62 bar) at/near upper bound (26 bar)
[fine_mesh_batch232] nu_L=10.0 f=50.0 P_amb=50.0 -> R_E=19.26 p_A=59.24 energy_demand=2627 | status=OK | reason=Optimization terminated successfully. | boundary_warning=none
[fine_mesh_batch238] nu_L=10.0 f=100.0 P_amb=5.0 -> R_E=73.35 p_A=44.05 energy_demand=2024 | status=OK | reason=Optimization terminated successfully. | boundary_warning=none
[fine_mesh_batch246] nu_L=10.0 f=200.0 P_amb=4.0 -> R_E=50.76 p_A=74.1 energy_demand=2498 | status=OK | reason=Optimization terminated successfully. | boundary_warning=none
[fine_mesh_batch253] nu_L=50.0 f=10.0 P_amb=2.0 -> R_E=313.5 p_A=6.998 energy_demand=1592 | status=OK | reason=Optimization terminated successfully. | boundary_warning=p_A (6.998 bar) at/near upper bound (7 bar)
[fine_mesh_batch266] nu_L=50.0 f=20.0 P_amb=10.0 -> R_E=99.71 p_A=15.97 energy_demand=1731 | status=OK | reason=Optimization terminated successfully. | boundary_warning=none
[fine_mesh_batch270] nu_L=50.0 f=25.0 P_amb=1.0 -> R_E=199.9 p_A=13.49 energy_demand=2361 | status=OK | reason=Optimization terminated successfully. | boundary_warning=p_A (13.49 bar) at/near upper bound (13.5 bar)
[fine_mesh_batch278] nu_L=50.0 f=25.0 P_amb=100.0 -> R_E=20.34 p_A=108.7 energy_demand=2695 | status=OK | reason=Optimization terminated successfully. | boundary_warning=none
[fine_mesh_batch283] nu_L=50.0 f=30.0 P_amb=5.0 -> R_E=152.6 p_A=19.98 energy_demand=1755 | status=OK | reason=Optimization terminated successfully. | boundary_warning=p_A (19.98 bar) at/near upper bound (20 bar)
[fine_mesh_batch293] nu_L=50.0 f=50.0 P_amb=10.0 -> R_E=62.15 p_A=21.4 energy_demand=2126 | status=OK | reason=Optimization terminated successfully. | boundary_warning=none
[fine_mesh_batch297] nu_L=50.0 f=100.0 P_amb=1.0 -> R_E=108.3 p_A=50.98 energy_demand=3072 | status=OK | reason=Optimization terminated successfully. | boundary_warning=p_A (50.98 bar) at/near upper bound (51 bar)
[fine_mesh_batch304] nu_L=50.0 f=100.0 P_amb=50.0 -> R_E=16.39 p_A=67.66 energy_demand=3653 | status=OK | reason=Optimization terminated successfully. | boundary_warning=none
[fine_mesh_batch309] nu_L=50.0 f=200.0 P_amb=4.0 -> R_E=60.92 p_A=101.5 energy_demand=3067 | status=OK | reason=Optimization terminated successfully. | boundary_warning=none
