[batch_low_freq4] nu_L=0.65 f=0.1 P_amb=5.0 -> R_E=999.2 p_A=5.148 energy_demand=2801 | status=OK | reason=Optimization terminated successfully. | boundary_warning=R_E (999.2 um) at/near a bound ((1.0, 1000.0))
[batch_low_freq16] nu_L=0.65 f=0.2 P_amb=50.0 -> R_E=414.7 p_A=50.8 energy_demand=1059 | status=OK | reason=Maximum number of iterations has been exceeded. | boundary_warning=p_A (50.8 bar) at/near upper bound (50.8 bar)
[batch_low_freq39] nu_L=0.65 f=0.8 P_amb=4.0 -> R_E=999.5 p_A=4.987 energy_demand=1272 | status=OK | reason=Optimization terminated successfully. | boundary_warning=R_E (999.5 um) at/near a bound ((1.0, 1000.0))
[batch_low_freq44] nu_L=0.65 f=0.8 P_amb=100.0 -> R_E=138.3 p_A=101.8 energy_demand=1685 | status=OK | reason=Optimization terminated successfully. | boundary_warning=p_A (101.8 bar) at/near upper bound (103.2 bar)
[batch_low_freq49] nu_L=1.0 f=0.1 P_amb=5.0 -> R_E=90.45 p_A=5.031 energy_demand=2287 | status=OK | reason=Optimization terminated successfully. | boundary_warning=none
[batch_low_freq58] nu_L=1.0 f=0.2 P_amb=5.0 -> R_E=1000 p_A=5.291 energy_demand=1147 | status=OK | reason=Maximum number of iterations has been exceeded. | boundary_warning=R_E (1000 um) at/near a bound ((1.0, 1000.0))
[batch_low_freq86] nu_L=1.0 f=0.8 P_amb=10.0 -> R_E=746.4 p_A=11.54 energy_demand=1248 | status=OK | reason=Optimization terminated successfully. | boundary_warning=none
[batch_low_freq90] nu_L=5.0 f=0.1 P_amb=1.0 -> R_E=148.7 p_A=1.018 energy_demand=2178 | status=OK | reason=Optimization terminated successfully. | boundary_warning=none
[batch_low_freq94] nu_L=5.0 f=0.1 P_amb=5.0 -> R_E=89.01 p_A=5.032 energy_demand=2114 | status=OK | reason=Optimization terminated successfully. | boundary_warning=none
[batch_low_freq102] nu_L=5.0 f=0.2 P_amb=4.0 -> R_E=999.4 p_A=4.247 energy_demand=1773 | status=OK | reason=Optimization terminated successfully. | boundary_warning=R_E (999.4 um) at/near a bound ((1.0, 1000.0))
[batch_low_freq106] nu_L=5.0 f=0.2 P_amb=50.0 -> R_E=169.9 p_A=27.62 energy_demand=1e+12 | status=OK | reason=Optimization terminated successfully. | boundary_warning=none
[batch_low_freq107] nu_L=5.0 f=0.2 P_amb=100.0 -> R_E=989.3 p_A=71.08 energy_demand=1e+12 | status=OK | reason=Optimization terminated successfully. | boundary_warning=R_E (989.3 um) at/near a bound ((1.0, 1000.0))
[batch_low_freq109] nu_L=5.0 f=0.4 P_amb=2.0 -> R_E=143.4 p_A=2.071 energy_demand=2002 | status=OK | reason=Optimization terminated successfully. | boundary_warning=none
[batch_low_freq112] nu_L=5.0 f=0.4 P_amb=5.0 -> R_E=944.5 p_A=5.581 energy_demand=896.1 | status=OK | reason=Maximum number of iterations has been exceeded. | boundary_warning=none
[batch_low_freq126] nu_L=5.0 f=0.8 P_amb=1.0 -> R_E=998.2 p_A=1.365 energy_demand=1694 | status=OK | reason=Optimization terminated successfully. | boundary_warning=R_E (998.2 um) at/near a bound ((1.0, 1000.0))
[batch_low_freq129] nu_L=5.0 f=0.8 P_amb=4.0 -> R_E=999.7 p_A=5.007 energy_demand=1024 | status=OK | reason=Optimization terminated successfully. | boundary_warning=R_E (999.7 um) at/near a bound ((1.0, 1000.0))
[batch_low_freq131] nu_L=5.0 f=0.8 P_amb=10.0 -> R_E=719.2 p_A=11.5 energy_demand=1095 | status=OK | reason=Optimization terminated successfully. | boundary_warning=none
[batch_low_freq132] nu_L=5.0 f=0.8 P_amb=20.0 -> R_E=427.3 p_A=21.55 energy_demand=1181 | status=OK | reason=Optimization terminated successfully. | boundary_warning=none
[batch_low_freq135] nu_L=10.0 f=0.1 P_amb=1.0 -> R_E=155.8 p_A=1.019 energy_demand=2228 | status=OK | reason=Optimization terminated successfully. | boundary_warning=none
[batch_low_freq137] nu_L=10.0 f=0.1 P_amb=3.0 -> R_E=111.3 p_A=3.028 energy_demand=2178 | status=OK | reason=Optimization terminated successfully. | boundary_warning=none
[batch_low_freq147] nu_L=10.0 f=0.2 P_amb=4.0 -> R_E=999.8 p_A=4.248 energy_demand=1750 | status=OK | reason=Optimization terminated successfully. | boundary_warning=R_E (999.8 um) at/near a bound ((1.0, 1000.0))
[batch_low_freq156] nu_L=10.0 f=0.4 P_amb=4.0 -> R_E=992.2 p_A=4.489 energy_demand=937.4 | status=OK | reason=Maximum number of iterations has been exceeded. | boundary_warning=R_E (992.2 um) at/near a bound ((1.0, 1000.0))
[batch_low_freq181] nu_L=50.0 f=0.1 P_amb=2.0 -> R_E=170.3 p_A=2.03 energy_demand=2714 | status=OK | reason=Optimization terminated successfully. | boundary_warning=none
[batch_low_freq186] nu_L=50.0 f=0.1 P_amb=20.0 -> R_E=793.3 p_A=20.38 energy_demand=828.4 | status=OK | reason=Maximum number of iterations has been exceeded. | boundary_warning=p_A (20.38 bar) at/near upper bound (20.4 bar)
[batch_low_freq208] nu_L=50.0 f=0.6 P_amb=2.0 -> R_E=999.9 p_A=2.441 energy_demand=1394 | status=OK | reason=Optimization terminated successfully. | boundary_warning=R_E (999.9 um) at/near a bound ((1.0, 1000.0))
[batch_low_freq210] nu_L=50.0 f=0.6 P_amb=4.0 -> R_E=999.3 p_A=4.764 energy_demand=1063 | status=OK | reason=Optimization terminated successfully. | boundary_warning=R_E (999.3 um) at/near a bound ((1.0, 1000.0))
[batch_low_freq217] nu_L=50.0 f=0.8 P_amb=2.0 -> R_E=999.8 p_A=2.589 energy_demand=1235 | status=OK | reason=Optimization terminated successfully. | boundary_warning=R_E (999.8 um) at/near a bound ((1.0, 1000.0))
[batch_low_freq223] nu_L=50.0 f=0.8 P_amb=50.0 -> R_E=232.5 p_A=51.81 energy_demand=1275 | status=OK | reason=Optimization terminated successfully. | boundary_warning=none
