[batch_low_freq7] nu_L=0.65 f=0.1 P_amb=50.0 -> R_E=411.6 p_A=50.4 energy_demand=1808 | status=OK | reason=Optimization terminated successfully. | boundary_warning=p_A (50.4 bar) at/near upper bound (50.4 bar)
[batch_low_freq12] nu_L=0.65 f=0.2 P_amb=4.0 -> R_E=110.6 p_A=4.051 energy_demand=2362 | status=OK | reason=Optimization terminated successfully. | boundary_warning=none
[batch_low_freq21] nu_L=0.65 f=0.4 P_amb=4.0 -> R_E=997.8 p_A=4.478 energy_demand=1158 | status=OK | reason=Maximum number of iterations has been exceeded. | boundary_warning=R_E (997.8 um) at/near a bound ((1.0, 1000.0))
[batch_low_freq56] nu_L=1.0 f=0.2 P_amb=3.0 -> R_E=114.5 p_A=3.045 energy_demand=2241 | status=OK | reason=Optimization terminated successfully. | boundary_warning=none
[batch_low_freq63] nu_L=1.0 f=0.4 P_amb=1.0 -> R_E=169.5 p_A=1.053 energy_demand=2219 | status=OK | reason=Optimization terminated successfully. | boundary_warning=none
[batch_low_freq65] nu_L=1.0 f=0.4 P_amb=3.0 -> R_E=991.6 p_A=3.376 energy_demand=1524 | status=OK | reason=Optimization terminated successfully. | boundary_warning=R_E (991.6 um) at/near a bound ((1.0, 1000.0))
[batch_low_freq67] nu_L=1.0 f=0.4 P_amb=5.0 -> R_E=999.7 p_A=5.58 energy_demand=1298 | status=OK | reason=Optimization terminated successfully. | boundary_warning=R_E (999.7 um) at/near a bound ((1.0, 1000.0))
[batch_low_freq70] nu_L=1.0 f=0.4 P_amb=50.0 -> R_E=369.8 p_A=51.43 energy_demand=1376 | status=OK | reason=Optimization terminated successfully. | boundary_warning=p_A (51.43 bar) at/near upper bound (51.6 bar)
[batch_low_freq73] nu_L=1.0 f=0.6 P_amb=2.0 -> R_E=999.9 p_A=2.427 energy_demand=1536 | status=OK | reason=Optimization terminated successfully. | boundary_warning=R_E (999.9 um) at/near a bound ((1.0, 1000.0))
[batch_low_freq78] nu_L=1.0 f=0.6 P_amb=20.0 -> R_E=619.5 p_A=21.67 energy_demand=1167 | status=OK | reason=Maximum number of iterations has been exceeded. | boundary_warning=none
[batch_low_freq108] nu_L=5.0 f=0.4 P_amb=1.0 -> R_E=170.3 p_A=1.054 energy_demand=2044 | status=OK | reason=Optimization terminated successfully. | boundary_warning=none
[batch_low_freq113] nu_L=5.0 f=0.4 P_amb=10.0 -> R_E=990.5 p_A=11.05 energy_demand=1028 | status=OK | reason=Optimization terminated successfully. | boundary_warning=R_E (990.5 um) at/near a bound ((1.0, 1000.0))
[batch_low_freq115] nu_L=5.0 f=0.4 P_amb=50.0 -> R_E=339.9 p_A=51.34 energy_demand=1016 | status=OK | reason=Maximum number of iterations has been exceeded. | boundary_warning=p_A (51.34 bar) at/near upper bound (51.6 bar)
[batch_low_freq124] nu_L=5.0 f=0.6 P_amb=50.0 -> R_E=271.8 p_A=51.57 energy_demand=1257 | status=OK | reason=Optimization terminated successfully. | boundary_warning=p_A (51.57 bar) at/near upper bound (52.4 bar)
[batch_low_freq125] nu_L=5.0 f=0.6 P_amb=100.0 -> R_E=169.7 p_A=101.7 energy_demand=1347 | status=OK | reason=Optimization terminated successfully. | boundary_warning=p_A (101.7 bar) at/near upper bound (102.4 bar)
[batch_low_freq127] nu_L=5.0 f=0.8 P_amb=2.0 -> R_E=996.9 p_A=2.568 energy_demand=972.7 | status=OK | reason=Optimization terminated successfully. | boundary_warning=R_E (996.9 um) at/near a bound ((1.0, 1000.0))
[batch_low_freq150] nu_L=10.0 f=0.2 P_amb=20.0 -> R_E=732.7 p_A=20.69 energy_demand=765.7 | status=OK | reason=Optimization terminated successfully. | boundary_warning=p_A (20.69 bar) at/near upper bound (20.8 bar)
[batch_low_freq164] nu_L=10.0 f=0.6 P_amb=3.0 -> R_E=999.8 p_A=3.599 energy_demand=1141 | status=OK | reason=Optimization terminated successfully. | boundary_warning=R_E (999.8 um) at/near a bound ((1.0, 1000.0))
[batch_low_freq167] nu_L=10.0 f=0.6 P_amb=10.0 -> R_E=850.5 p_A=11.37 energy_demand=1001 | status=OK | reason=Optimization terminated successfully. | boundary_warning=none
[batch_low_freq171] nu_L=10.0 f=0.8 P_amb=1.0 -> R_E=999 p_A=1.369 energy_demand=1684 | status=OK | reason=Optimization terminated successfully. | boundary_warning=R_E (999 um) at/near a bound ((1.0, 1000.0))
[batch_low_freq174] nu_L=10.0 f=0.8 P_amb=4.0 -> R_E=999.5 p_A=5.01 energy_demand=1001 | status=OK | reason=Optimization terminated successfully. | boundary_warning=R_E (999.5 um) at/near a bound ((1.0, 1000.0))
[batch_low_freq178] nu_L=10.0 f=0.8 P_amb=50.0 -> R_E=225.4 p_A=51.73 energy_demand=1268 | status=OK | reason=Optimization terminated successfully. | boundary_warning=none
[batch_low_freq183] nu_L=50.0 f=0.1 P_amb=4.0 -> R_E=135.4 p_A=4.038 energy_demand=2650 | status=OK | reason=Optimization terminated successfully. | boundary_warning=none
[batch_low_freq188] nu_L=50.0 f=0.1 P_amb=100.0 -> R_E=227.5 p_A=100.4 energy_demand=1752 | status=OK | reason=Optimization terminated successfully. | boundary_warning=p_A (100.4 bar) at/near upper bound (100.4 bar)
[batch_low_freq192] nu_L=50.0 f=0.2 P_amb=4.0 -> R_E=1000 p_A=4.252 energy_demand=1802 | status=OK | reason=Optimization terminated successfully. | boundary_warning=R_E (1000 um) at/near a bound ((1.0, 1000.0))
[batch_low_freq196] nu_L=50.0 f=0.2 P_amb=50.0 -> R_E=397.8 p_A=50.8 energy_demand=1208 | status=OK | reason=Optimization terminated successfully. | boundary_warning=p_A (50.8 bar) at/near upper bound (50.8 bar)
[batch_low_freq199] nu_L=50.0 f=0.4 P_amb=2.0 -> R_E=1000 p_A=2.299 energy_demand=1740 | status=OK | reason=Optimization terminated successfully. | boundary_warning=R_E (1000 um) at/near a bound ((1.0, 1000.0))
[batch_low_freq202] nu_L=50.0 f=0.4 P_amb=5.0 -> R_E=913.9 p_A=5.556 energy_demand=966.6 | status=OK | reason=Optimization terminated successfully. | boundary_warning=none
[batch_low_freq211] nu_L=50.0 f=0.6 P_amb=5.0 -> R_E=999.8 p_A=5.912 energy_demand=1017 | status=OK | reason=Optimization terminated successfully. | boundary_warning=R_E (999.8 um) at/near a bound ((1.0, 1000.0))
[batch_low_freq219] nu_L=50.0 f=0.8 P_amb=4.0 -> R_E=999.9 p_A=5.02 energy_demand=1003 | status=OK | reason=Optimization terminated successfully. | boundary_warning=R_E (999.9 um) at/near a bound ((1.0, 1000.0))
[batch_low_freq222] nu_L=50.0 f=0.8 P_amb=20.0 -> R_E=439.5 p_A=21.62 energy_demand=1154 | status=OK | reason=Optimization terminated successfully. | boundary_warning=none
