[batch_low_freq6] nu_L=0.65 f=0.1 P_amb=20.0 -> R_E=64.74 p_A=20.05 energy_demand=2349 | status=OK | reason=Optimization terminated successfully. | boundary_warning=p_A (20.05 bar) at/near upper bound (20.4 bar)
[batch_low_freq11] nu_L=0.65 f=0.2 P_amb=3.0 -> R_E=116.7 p_A=3.045 energy_demand=2379 | status=OK | reason=Optimization terminated successfully. | boundary_warning=none
[batch_low_freq19] nu_L=0.65 f=0.4 P_amb=2.0 -> R_E=999.3 p_A=2.279 energy_demand=2003 | status=OK | reason=Optimization terminated successfully. | boundary_warning=R_E (999.3 um) at/near a bound ((1.0, 1000.0))
[batch_low_freq25] nu_L=0.65 f=0.4 P_amb=50.0 -> R_E=393 p_A=51.51 energy_demand=1474 | status=OK | reason=Optimization terminated successfully. | boundary_warning=p_A (51.51 bar) at/near upper bound (51.6 bar)
[batch_low_freq29] nu_L=0.65 f=0.6 P_amb=3.0 -> R_E=998.9 p_A=3.582 energy_demand=1425 | status=OK | reason=Optimization terminated successfully. | boundary_warning=R_E (998.9 um) at/near a bound ((1.0, 1000.0))
[batch_low_freq31] nu_L=0.65 f=0.6 P_amb=5.0 -> R_E=998.6 p_A=5.868 energy_demand=1286 | status=OK | reason=Optimization terminated successfully. | boundary_warning=R_E (998.6 um) at/near a bound ((1.0, 1000.0))
[batch_low_freq36] nu_L=0.65 f=0.8 P_amb=1.0 -> R_E=999.9 p_A=1.349 energy_demand=1930 | status=OK | reason=Optimization terminated successfully. | boundary_warning=R_E (999.9 um) at/near a bound ((1.0, 1000.0))
[batch_low_freq41] nu_L=0.65 f=0.8 P_amb=10.0 -> R_E=710.1 p_A=11.45 energy_demand=1351 | status=OK | reason=Optimization terminated successfully. | boundary_warning=none
[batch_low_freq46] nu_L=1.0 f=0.1 P_amb=2.0 -> R_E=119.8 p_A=2.022 energy_demand=2323 | status=OK | reason=Optimization terminated successfully. | boundary_warning=none
[batch_low_freq53] nu_L=1.0 f=0.1 P_amb=100.0 -> R_E=2.761 p_A=28.88 energy_demand=1e+12 | status=OK | reason=Optimization terminated successfully. | boundary_warning=none
[batch_low_freq55] nu_L=1.0 f=0.2 P_amb=2.0 -> R_E=126.7 p_A=2.038 energy_demand=2262 | status=OK | reason=Optimization terminated successfully. | boundary_warning=none
[batch_low_freq61] nu_L=1.0 f=0.2 P_amb=50.0 -> R_E=147.7 p_A=37.85 energy_demand=1e+12 | status=OK | reason=Optimization terminated successfully. | boundary_warning=none
[batch_low_freq62] nu_L=1.0 f=0.2 P_amb=100.0 -> R_E=235.1 p_A=100.8 energy_demand=1510 | status=OK | reason=Optimization terminated successfully. | boundary_warning=p_A (100.8 bar) at/near upper bound (100.8 bar)
[batch_low_freq64] nu_L=1.0 f=0.4 P_amb=2.0 -> R_E=1000 p_A=2.284 energy_demand=1877 | status=OK | reason=Optimization terminated successfully. | boundary_warning=R_E (1000 um) at/near a bound ((1.0, 1000.0))
[batch_low_freq68] nu_L=1.0 f=0.4 P_amb=10.0 -> R_E=917.4 p_A=10.97 energy_demand=1163 | status=OK | reason=Optimization terminated successfully. | boundary_warning=none
[batch_low_freq71] nu_L=1.0 f=0.4 P_amb=100.0 -> R_E=220.5 p_A=101.5 energy_demand=1464 | status=OK | reason=Optimization terminated successfully. | boundary_warning=p_A (101.5 bar) at/near upper bound (101.6 bar)
[batch_low_freq74] nu_L=1.0 f=0.6 P_amb=3.0 -> R_E=1000 p_A=3.588 energy_demand=1325 | status=OK | reason=Optimization terminated successfully. | boundary_warning=R_E (1000 um) at/near a bound ((1.0, 1000.0))
[batch_low_freq79] nu_L=1.0 f=0.6 P_amb=50.0 -> R_E=271.6 p_A=51.54 energy_demand=1430 | status=OK | reason=Optimization terminated successfully. | boundary_warning=p_A (51.54 bar) at/near upper bound (52.4 bar)
[batch_low_freq82] nu_L=1.0 f=0.8 P_amb=2.0 -> R_E=999.3 p_A=2.568 energy_demand=1367 | status=OK | reason=Optimization terminated successfully. | boundary_warning=R_E (999.3 um) at/near a bound ((1.0, 1000.0))
[batch_low_freq89] nu_L=1.0 f=0.8 P_amb=100.0 -> R_E=136.9 p_A=101.8 energy_demand=1571 | status=OK | reason=Optimization terminated successfully. | boundary_warning=p_A (101.8 bar) at/near upper bound (103.2 bar)
[batch_low_freq95] nu_L=5.0 f=0.1 P_amb=10.0 -> R_E=999.7 p_A=10.27 energy_demand=936 | status=OK | reason=Optimization terminated successfully. | boundary_warning=p_A (10.27 bar) at/near upper bound (10.4 bar); R_E (999.7 um) at/near a bound ((1.0, 1000.0))
[batch_low_freq116] nu_L=5.0 f=0.4 P_amb=100.0 -> R_E=231.1 p_A=101.6 energy_demand=1285 | status=OK | reason=Optimization terminated successfully. | boundary_warning=p_A (101.6 bar) at/near upper bound (101.6 bar)
[batch_low_freq118] nu_L=5.0 f=0.6 P_amb=2.0 -> R_E=999.7 p_A=2.431 energy_demand=1364 | status=OK | reason=Optimization terminated successfully. | boundary_warning=R_E (999.7 um) at/near a bound ((1.0, 1000.0))
[batch_low_freq120] nu_L=5.0 f=0.6 P_amb=4.0 -> R_E=883.5 p_A=4.693 energy_demand=960.1 | status=OK | reason=Maximum number of iterations has been exceeded. | boundary_warning=none
[batch_low_freq134] nu_L=5.0 f=0.8 P_amb=100.0 -> R_E=136.6 p_A=101.8 energy_demand=1385 | status=OK | reason=Optimization terminated successfully. | boundary_warning=p_A (101.8 bar) at/near upper bound (103.2 bar)
[batch_low_freq138] nu_L=10.0 f=0.1 P_amb=4.0 -> R_E=100.7 p_A=4.031 energy_demand=2163 | status=OK | reason=Optimization terminated successfully. | boundary_warning=none
[batch_low_freq146] nu_L=10.0 f=0.2 P_amb=3.0 -> R_E=119.4 p_A=3.048 energy_demand=2099 | status=OK | reason=Optimization terminated successfully. | boundary_warning=none
[batch_low_freq152] nu_L=10.0 f=0.2 P_amb=100.0 -> R_E=604.9 p_A=11.22 energy_demand=1e+12 | status=OK | reason=Optimization terminated successfully. | boundary_warning=none
[batch_low_freq153] nu_L=10.0 f=0.4 P_amb=1.0 -> R_E=182.6 p_A=1.057 energy_demand=2073 | status=OK | reason=Optimization terminated successfully. | boundary_warning=none
[batch_low_freq154] nu_L=10.0 f=0.4 P_amb=2.0 -> R_E=150.5 p_A=2.074 energy_demand=2026 | status=OK | reason=Optimization terminated successfully. | boundary_warning=none
[batch_low_freq158] nu_L=10.0 f=0.4 P_amb=10.0 -> R_E=968.7 p_A=11.01 energy_demand=812.5 | status=OK | reason=Maximum number of iterations has been exceeded. | boundary_warning=none
[batch_low_freq180] nu_L=50.0 f=0.1 P_amb=1.0 -> R_E=209.8 p_A=1.023 energy_demand=2774 | status=OK | reason=Optimization terminated successfully. | boundary_warning=none
[batch_low_freq185] nu_L=50.0 f=0.1 P_amb=10.0 -> R_E=996.4 p_A=10.27 energy_demand=916.8 | status=OK | reason=Optimization terminated successfully. | boundary_warning=p_A (10.27 bar) at/near upper bound (10.4 bar); R_E (996.4 um) at/near a bound ((1.0, 1000.0))
[batch_low_freq203] nu_L=50.0 f=0.4 P_amb=10.0 -> R_E=973.5 p_A=11.02 energy_demand=849.6 | status=OK | reason=Maximum number of iterations has been exceeded. | boundary_warning=none
