[batch_low_freq1] nu_L=0.65 f=0.1 P_amb=2.0 -> R_E=121 p_A=2.022 energy_demand=2464 | status=OK | reason=Optimization terminated successfully. | boundary_warning=none
[batch_low_freq9] nu_L=0.65 f=0.2 P_amb=1.0 -> R_E=159.4 p_A=1.03 energy_demand=2432 | status=OK | reason=Optimization terminated successfully. | boundary_warning=none
[batch_low_freq20] nu_L=0.65 f=0.4 P_amb=3.0 -> R_E=998.9 p_A=3.377 energy_demand=1674 | status=OK | reason=Optimization terminated successfully. | boundary_warning=R_E (998.9 um) at/near a bound ((1.0, 1000.0))
[batch_low_freq24] nu_L=0.65 f=0.4 P_amb=20.0 -> R_E=855.4 p_A=21.58 energy_demand=1325 | status=OK | reason=Optimization terminated successfully. | boundary_warning=p_A (21.58 bar) at/near upper bound (21.6 bar)
[batch_low_freq28] nu_L=0.65 f=0.6 P_amb=2.0 -> R_E=999.6 p_A=2.423 energy_demand=1651 | status=OK | reason=Optimization terminated successfully. | boundary_warning=R_E (999.6 um) at/near a bound ((1.0, 1000.0))
[batch_low_freq32] nu_L=0.65 f=0.6 P_amb=10.0 -> R_E=870.5 p_A=11.34 energy_demand=1312 | status=OK | reason=Optimization terminated successfully. | boundary_warning=none
[batch_low_freq34] nu_L=0.65 f=0.6 P_amb=50.0 -> R_E=274.8 p_A=51.55 energy_demand=1536 | status=OK | reason=Optimization terminated successfully. | boundary_warning=p_A (51.55 bar) at/near upper bound (52.4 bar)
[batch_low_freq37] nu_L=0.65 f=0.8 P_amb=2.0 -> R_E=999.8 p_A=2.561 energy_demand=1466 | status=OK | reason=Optimization terminated successfully. | boundary_warning=R_E (999.8 um) at/near a bound ((1.0, 1000.0))
[batch_low_freq43] nu_L=0.65 f=0.8 P_amb=50.0 -> R_E=224.2 p_A=51.71 energy_demand=1536 | status=OK | reason=Optimization terminated successfully. | boundary_warning=none
[batch_low_freq50] nu_L=1.0 f=0.1 P_amb=10.0 -> R_E=981.9 p_A=10.26 energy_demand=1738 | status=OK | reason=Optimization terminated successfully. | boundary_warning=p_A (10.26 bar) at/near upper bound (10.4 bar); R_E (981.9 um) at/near a bound ((1.0, 1000.0))
[batch_low_freq59] nu_L=1.0 f=0.2 P_amb=10.0 -> R_E=960.7 p_A=10.51 energy_demand=939.4 | status=OK | reason=Maximum number of iterations has been exceeded. | boundary_warning=none
[batch_low_freq85] nu_L=1.0 f=0.8 P_amb=5.0 -> R_E=999.7 p_A=6.202 energy_demand=1169 | status=OK | reason=Optimization terminated successfully. | boundary_warning=R_E (999.7 um) at/near a bound ((1.0, 1000.0))
[batch_low_freq88] nu_L=1.0 f=0.8 P_amb=50.0 -> R_E=220.5 p_A=51.65 energy_demand=1470 | status=OK | reason=Optimization terminated successfully. | boundary_warning=none
[batch_low_freq93] nu_L=5.0 f=0.1 P_amb=4.0 -> R_E=96.03 p_A=4.029 energy_demand=2124 | status=OK | reason=Optimization terminated successfully. | boundary_warning=none
[batch_low_freq101] nu_L=5.0 f=0.2 P_amb=3.0 -> R_E=113.5 p_A=3.046 energy_demand=2067 | status=OK | reason=Optimization terminated successfully. | boundary_warning=none
[batch_low_freq105] nu_L=5.0 f=0.2 P_amb=20.0 -> R_E=800.9 p_A=20.76 energy_demand=822.7 | status=OK | reason=Maximum number of iterations has been exceeded. | boundary_warning=p_A (20.76 bar) at/near upper bound (20.8 bar)
[batch_low_freq121] nu_L=5.0 f=0.6 P_amb=5.0 -> R_E=990 p_A=5.887 energy_demand=934.4 | status=OK | reason=Maximum number of iterations has been exceeded. | boundary_warning=R_E (990 um) at/near a bound ((1.0, 1000.0))
[batch_low_freq140] nu_L=10.0 f=0.1 P_amb=10.0 -> R_E=78.69 p_A=10.04 energy_demand=2113 | status=OK | reason=Optimization terminated successfully. | boundary_warning=none
[batch_low_freq145] nu_L=10.0 f=0.2 P_amb=2.0 -> R_E=133.6 p_A=2.041 energy_demand=2123 | status=OK | reason=Optimization terminated successfully. | boundary_warning=none
[batch_low_freq151] nu_L=10.0 f=0.2 P_amb=50.0 -> R_E=401.5 p_A=50.8 energy_demand=903.6 | status=OK | reason=Optimization terminated successfully. | boundary_warning=p_A (50.8 bar) at/near upper bound (50.8 bar)
[batch_low_freq166] nu_L=10.0 f=0.6 P_amb=5.0 -> R_E=995.8 p_A=5.894 energy_demand=812.6 | status=OK | reason=Maximum number of iterations has been exceeded. | boundary_warning=R_E (995.8 um) at/near a bound ((1.0, 1000.0))
[batch_low_freq193] nu_L=50.0 f=0.2 P_amb=5.0 -> R_E=999.8 p_A=5.301 energy_demand=1582 | status=OK | reason=Optimization terminated successfully. | boundary_warning=R_E (999.8 um) at/near a bound ((1.0, 1000.0))
[batch_low_freq197] nu_L=50.0 f=0.2 P_amb=100.0 -> R_E=34.48 p_A=78.71 energy_demand=1e+12 | status=OK | reason=Optimization terminated successfully. | boundary_warning=none
[batch_low_freq198] nu_L=50.0 f=0.4 P_amb=1.0 -> R_E=998.6 p_A=1.184 energy_demand=2344 | status=OK | reason=Optimization terminated successfully. | boundary_warning=R_E (998.6 um) at/near a bound ((1.0, 1000.0))
[batch_low_freq200] nu_L=50.0 f=0.4 P_amb=3.0 -> R_E=999.8 p_A=3.396 energy_demand=1406 | status=OK | reason=Optimization terminated successfully. | boundary_warning=R_E (999.8 um) at/near a bound ((1.0, 1000.0))
[batch_low_freq204] nu_L=50.0 f=0.4 P_amb=20.0 -> R_E=716.8 p_A=21.35 energy_demand=1065 | status=OK | reason=Optimization terminated successfully. | boundary_warning=p_A (21.35 bar) at/near upper bound (21.6 bar)
[batch_low_freq206] nu_L=50.0 f=0.4 P_amb=100.0 -> R_E=27.36 p_A=37.66 energy_demand=1e+12 | status=OK | reason=Optimization terminated successfully. | boundary_warning=none
[batch_low_freq207] nu_L=50.0 f=0.6 P_amb=1.0 -> R_E=999.9 p_A=1.274 energy_demand=1980 | status=OK | reason=Optimization terminated successfully. | boundary_warning=R_E (999.9 um) at/near a bound ((1.0, 1000.0))
[batch_low_freq209] nu_L=50.0 f=0.6 P_amb=3.0 -> R_E=1000 p_A=3.608 energy_demand=1162 | status=OK | reason=Optimization terminated successfully. | boundary_warning=R_E (1000 um) at/near a bound ((1.0, 1000.0))
[batch_low_freq216] nu_L=50.0 f=0.8 P_amb=1.0 -> R_E=999.2 p_A=1.378 energy_demand=1776 | status=OK | reason=Optimization terminated successfully. | boundary_warning=R_E (999.2 um) at/near a bound ((1.0, 1000.0))
[batch_low_freq221] nu_L=50.0 f=0.8 P_amb=10.0 -> R_E=750.7 p_A=11.59 energy_demand=1063 | status=OK | reason=Optimization terminated successfully. | boundary_warning=none
