[batch_low_freq0] nu_L=0.65 f=0.1 P_amb=1.0 -> R_E=146.1 p_A=1.017 energy_demand=2488 | status=OK | reason=Optimization terminated successfully. | boundary_warning=none
[batch_low_freq8] nu_L=0.65 f=0.1 P_amb=100.0 -> R_E=26.51 p_A=44.69 energy_demand=1e+12 | status=OK | reason=Optimization terminated successfully. | boundary_warning=none
[batch_low_freq10] nu_L=0.65 f=0.2 P_amb=2.0 -> R_E=123.2 p_A=2.037 energy_demand=2401 | status=OK | reason=Optimization terminated successfully. | boundary_warning=none
[batch_low_freq17] nu_L=0.65 f=0.2 P_amb=100.0 -> R_E=8.042 p_A=37.92 energy_demand=1e+12 | status=OK | reason=Optimization terminated successfully. | boundary_warning=none
[batch_low_freq18] nu_L=0.65 f=0.4 P_amb=1.0 -> R_E=174.3 p_A=1.053 energy_demand=2356 | status=OK | reason=Optimization terminated successfully. | boundary_warning=none
[batch_low_freq23] nu_L=0.65 f=0.4 P_amb=10.0 -> R_E=999.3 p_A=11.02 energy_demand=1273 | status=OK | reason=Optimization terminated successfully. | boundary_warning=R_E (999.3 um) at/near a bound ((1.0, 1000.0))
[batch_low_freq26] nu_L=0.65 f=0.4 P_amb=100.0 -> R_E=221.7 p_A=101.5 energy_demand=1573 | status=OK | reason=Optimization terminated successfully. | boundary_warning=p_A (101.5 bar) at/near upper bound (101.6 bar)
[batch_low_freq30] nu_L=0.65 f=0.6 P_amb=4.0 -> R_E=981.8 p_A=4.716 energy_demand=1079 | status=OK | reason=Maximum number of iterations has been exceeded. | boundary_warning=R_E (981.8 um) at/near a bound ((1.0, 1000.0))
[batch_low_freq66] nu_L=1.0 f=0.4 P_amb=4.0 -> R_E=979.9 p_A=4.484 energy_demand=1335 | status=OK | reason=Optimization terminated successfully. | boundary_warning=none
[batch_low_freq69] nu_L=1.0 f=0.4 P_amb=20.0 -> R_E=621.3 p_A=21.11 energy_demand=1192 | status=OK | reason=Optimization terminated successfully. | boundary_warning=none
[batch_low_freq72] nu_L=1.0 f=0.6 P_amb=1.0 -> R_E=999.2 p_A=1.258 energy_demand=2095 | status=OK | reason=Optimization terminated successfully. | boundary_warning=R_E (999.2 um) at/near a bound ((1.0, 1000.0))
[batch_low_freq76] nu_L=1.0 f=0.6 P_amb=5.0 -> R_E=998.5 p_A=5.878 energy_demand=1192 | status=OK | reason=Optimization terminated successfully. | boundary_warning=R_E (998.5 um) at/near a bound ((1.0, 1000.0))
[batch_low_freq80] nu_L=1.0 f=0.6 P_amb=100.0 -> R_E=167.7 p_A=101.7 energy_demand=1529 | status=OK | reason=Optimization terminated successfully. | boundary_warning=p_A (101.7 bar) at/near upper bound (102.4 bar)
[batch_low_freq83] nu_L=1.0 f=0.8 P_amb=3.0 -> R_E=983 p_A=3.761 energy_demand=1104 | status=OK | reason=Maximum number of iterations has been exceeded. | boundary_warning=R_E (983 um) at/near a bound ((1.0, 1000.0))
[batch_low_freq117] nu_L=5.0 f=0.6 P_amb=1.0 -> R_E=177.9 p_A=1.077 energy_demand=1988 | status=OK | reason=Optimization terminated successfully. | boundary_warning=none
[batch_low_freq119] nu_L=5.0 f=0.6 P_amb=3.0 -> R_E=937.2 p_A=3.57 energy_demand=891.1 | status=OK | reason=Maximum number of iterations has been exceeded. | boundary_warning=none
[batch_low_freq133] nu_L=5.0 f=0.8 P_amb=50.0 -> R_E=222.1 p_A=51.69 energy_demand=1293 | status=OK | reason=Optimization terminated successfully. | boundary_warning=none
[batch_low_freq136] nu_L=10.0 f=0.1 P_amb=2.0 -> R_E=124.8 p_A=2.024 energy_demand=2197 | status=OK | reason=Optimization terminated successfully. | boundary_warning=none
[batch_low_freq142] nu_L=10.0 f=0.1 P_amb=50.0 -> R_E=55.26 p_A=50.09 energy_demand=1995 | status=OK | reason=Optimization terminated successfully. | boundary_warning=p_A (50.09 bar) at/near upper bound (50.4 bar)
[batch_low_freq149] nu_L=10.0 f=0.2 P_amb=10.0 -> R_E=93.38 p_A=10.08 energy_demand=2011 | status=OK | reason=Optimization terminated successfully. | boundary_warning=none
[batch_low_freq155] nu_L=10.0 f=0.4 P_amb=3.0 -> R_E=999.7 p_A=3.39 energy_demand=1371 | status=OK | reason=Optimization terminated successfully. | boundary_warning=R_E (999.7 um) at/near a bound ((1.0, 1000.0))
[batch_low_freq159] nu_L=10.0 f=0.4 P_amb=20.0 -> R_E=705.4 p_A=21.32 energy_demand=1076 | status=OK | reason=Optimization terminated successfully. | boundary_warning=p_A (21.32 bar) at/near upper bound (21.6 bar)
[batch_low_freq163] nu_L=10.0 f=0.6 P_amb=2.0 -> R_E=982.2 p_A=2.441 energy_demand=981.3 | status=OK | reason=Maximum number of iterations has been exceeded. | boundary_warning=R_E (982.2 um) at/near a bound ((1.0, 1000.0))
[batch_low_freq195] nu_L=50.0 f=0.2 P_amb=20.0 -> R_E=597.8 p_A=20.57 energy_demand=866.2 | status=OK | reason=Maximum number of iterations has been exceeded. | boundary_warning=p_A (20.57 bar) at/near upper bound (20.8 bar)
[batch_low_freq213] nu_L=50.0 f=0.6 P_amb=20.0 -> R_E=529.9 p_A=21.49 energy_demand=992.1 | status=OK | reason=Maximum number of iterations has been exceeded. | boundary_warning=none
